{
  "type": "resources_added",
  "resources": [
    {
      "resource": {
        "type": "im",
        "grant": {
          "type": "specific",
          "resource_id": "DXXXXXXXX"
        }
      },
      "scopes": [
        "chat:write:user",
        "im:read",
        "im:history",
        "commands"
      ]
    }
  ]
}