{
  "type": "actions",
  "block_id": "actions1",
  "elements": [
    {
      "type": "static_select",
      "placeholder":{
        "type": "plain_text",
        "text": "Which witch is the witchiest witch?"
      },
      "action_id": "select_2",
      "options": [
        {
          "text": {
            "type": "plain_text",
            "text": "Matilda"
          },
          "value": "matilda"
        },
        {
          "text": {
            "type": "plain_text",
            "text": "Glinda"
          },
          "value": "glinda"
        },
        {
          "text": {
            "type": "plain_text",
            "text": "Granny Weatherwax"
          },
          "value": "grannyWeatherwax"
        },
        {
          "text": {
            "type": "plain_text",
            "text": "Hermione"
          },
          "value": "hermione"
        }
      ]
    },
    {
      "type": "button",
      "text": {
        "type": "plain_text",
        "text": "Cancel"
      },
      "value": "cancel",
      "action_id": "button_1"
    }
  ]
}